[Licensing::Module] Trying to connect to existing licensing client channel...
Built from '6000.6/staging' branch; Version is '6000.6.3f1 (45d8eee7de74) revision 4577518'; Using compiler version '194234433'; Build Type 'Release'
[Licensing::IpcConnector] Successfully connected to: "LicenseClient-MSI" at "2026-09-30T15:21:15.1239087Z"
OS: 'Windows 11  (10.0.26200) Professional' Language: 'ru' Physical Memory: 32472 MB
BatchMode: 1, IsHumanControllingUs: 0, StartBugReporterOnCrash: 0, Is64bit: 1
System  architecture: x64
Process architecture: x64
Date: 2026-09-30T15:21:15Z
[Licensing::Client] Code 10 while verifying Licensing Client signature (process Id: 22332, path: "C:/Program Files/Unity Hub/UnityLicensingClient_V1/Unity.Licensing.Client.exe")
[Licensing::Module] LicensingClient has failed validation; ignoring
[Licensing::Client] Handshaking with LicensingClient:
  Version:                 1.18.3+d7ffd15
  Session Id:              9a26940c118c476b844037328f0e8a58
  Correlation Id:          e35cd7d0a87048009a7b1555b953f0e6
  External correlation Id: 3571944767472292084
  Machine Id:              sxwzM81Ex40/eNcvTTuFU07obCk=
[Licensing::Module] Successfully connected to LicensingClient on channel: "LicenseClient-MSI" (connect: 0.00s, validation: 0.00s, handshake: 0.03s)
[Licensing::IpcConnector] Successfully connected to: "LicenseClient-MSI-notifications" at "2026-09-30T15:21:15.1560778Z"
[Licensing::Module] Licensing Background thread has ended after 0.03s

COMMAND LINE ARGUMENTS:
C:\Program Files\Unity\Hub\Editor\6000.6.3f1\Editor\Unity.exe
-adb2
-batchMode
-noUpm
-name
AssetImportWorkerHW2
-projectPath
C:/Users/MSI/OPD_laba_2
-logFile
Logs/AssetImportWorkerHW2.log
-srvPort
62304
-parentPid
25288
-analyticsCloudUserId
5774130951012
-analyticsCloudProjectId
a1edac4b-f7b7-494b-b609-a49f1cf416c8
-analyticsLocalProjectId
5c24d23f4249402418947dabd5687b1a
-editorAnalyticsEnabled
1
-cbmEditorLicense
0611f63d9657854fe5faf97fe0b0406b00c24fc5
-cbmMachineId
sxwzM81Ex40/eNcvTTuFU07obCk=
-noDiagnosticSwitchPersistentStore
-job-worker-count
11
-background-job-worker-count
8
-asset-garbage-collectors
1
-force-d3d12
-name
AssetImport
Successfully changed project path to: C:/Users/MSI/OPD_laba_2
C:/Users/MSI/OPD_laba_2
[UnityMemory] Configuration Parameters - Can be set up in boot.config
    "memorysetup-temp-allocator-size-gi-baking-worker=262144"
    "memorysetup-temp-allocator-size-gi-baking-worker=262144"
    "memorysetup-temp-allocator-size-gi-baking-worker=262144"
    "memorysetup-temp-allocator-size-gi-baking-worker=262144"
    "memorysetup-temp-allocator-size-gi-baking-worker=262144"
    "memorysetup-temp-allocator-size-nav-mesh-worker=65536"
    "memorysetup-temp-allocator-size-audio-worker=65536"
    "memorysetup-temp-allocator-size-cloud-worker=32768"
    "memorysetup-temp-allocator-size-gfx=262144"
    "memorysetup-remapper-allocator-initial-capacity=32768"
    "memorysetup-temp-allocator-size-preload-manager=33554432"
    "memorysetup-allocator-temp-initial-block-size-main=262144"
    "memorysetup-allocator-temp-initial-block-size-worker=262144"
    "memorysetup-temp-allocator-size-job-worker=262144"
    "memorysetup-temp-allocator-size-background-worker=32768"
    "memorysetup-bucket-allocator-granularity=16"
    "memorysetup-bucket-allocator-bucket-count=8"
    "memorysetup-bucket-allocator-block-size=33554432"
    "memorysetup-bucket-allocator-block-count=8"
    "memorysetup-main-allocator-block-size=16777216"
    "memorysetup-thread-allocator-block-size=16777216"
    "memorysetup-main-allocator-mimalloc-enabled=1"
    "memorysetup-gfx-main-allocator-block-size=16777216"
    "memorysetup-gfx-thread-allocator-block-size=16777216"
    "memorysetup-cache-allocator-block-size=4194304"
    "memorysetup-typetree-allocator-block-size=2097152"
    "memorysetup-profiler-bucket-allocator-granularity=16"
    "memorysetup-profiler-bucket-allocator-bucket-count=8"
    "memorysetup-profiler-bucket-allocator-block-size=33554432"
    "memorysetup-profiler-bucket-allocator-block-count=8"
    "memorysetup-profiler-allocator-block-size=16777216"
    "memorysetup-profiler-editor-allocator-block-size=1048576"
    "memorysetup-temp-allocator-size-main=16777216"
    "memorysetup-job-temp-allocator-block-size=2097152"
    "memorysetup-job-temp-allocator-block-size-background=1048576"
    "memorysetup-job-temp-allocator-reduction-small-platforms=262144"
Player connection [3436]  Target information:

Player connection [3436]  * "[IP] 172.19.0.1 [Port] 0 [Flags] 2 [Guid] 1676189838 [EditorId] 1676189838 [Version] 1048832 [Id] WindowsEditor(7,DESKTOP-MTCHHAV) [Debug] 1 [PackageName] WindowsEditor [ProjectName] Editor" 

Player connection [3436]  * "[IP] 192.168.3.10 [Port] 0 [Flags] 2 [Guid] 1676189838 [EditorId] 1676189838 [Version] 1048832 [Id] WindowsEditor(7,DESKTOP-MTCHHAV) [Debug] 1 [PackageName] WindowsEditor [ProjectName] Editor" 

Player connection [3436] Host joined multi-casting on [225.0.0.222:54997]...
Player connection [3436] Host joined alternative multi-casting on [225.0.0.222:34997]...
JobSystem: Creating JobQueue using job-worker-count value 11
Input System module state changed to: Initialized.
[Physics::Module] Initialized fallback backend.
[Physics::Module] Id: 0xdecafbad
Library Redirect Path: Library/
Refreshing native plugins compatible for Editor in 2.59 ms, found 4 plugins.
[Physics::Module] Selected backend (deferred post-plugins).
[Physics::Module] Name: PhysX
[Physics::Module] Id: 0xf2b8ea05
[Physics::Module] SDK Version: 4.1.2
[Physics::Module] Integration Version: 1.0.0
[Physics::Module] Threading Mode: Multi-Threaded
Initialize engine version: 6000.6.3f1 (45d8eee7de74)
[EntityIdStore] init: VM path (explicit commit), pageSize=4096, blockCount=1048576, entitiesPerBlock=256, slots reserved=4294967296 bytes
[Subsystems] Discovering subsystems at path C:/Program Files/Unity/Hub/Editor/6000.6.3f1/Editor/Data/Resources/UnitySubsystems
[Subsystems] Discovering subsystems at path C:/Users/MSI/OPD_laba_2/Assets
Forcing GfxDevice: Direct3D 12
GfxDevice: creating device client; kGfxThreadingModeNonThreaded
d3d12: failed to query info queue interface (0x80004002).
Direct3D:
    Version:         Direct3D 12 [level 12.2]
    Renderer:        NVIDIA GeForce RTX 5070 Laptop GPU (ID=0x2d18)
    Vendor:          NVIDIA
    VRAM:            7891 MB
    App VRAM Budget: 7123 MB
    Driver:          32.0.16.1047
Initialize mono
Mono path[0] = 'C:/Program Files/Unity/Hub/Editor/6000.6.3f1/Editor/Data/Managed'
Mono path[1] = 'C:/Program Files/Unity/Hub/Editor/6000.6.3f1/Editor/Data/BCLExtensions/runtime/netstandard2.1'
Mono path[2] = 'C:/Program Files/Unity/Hub/Editor/6000.6.3f1/Editor/Data/MonoBleedingEdge/lib/mono/unityjit-win32'
Mono config path = 'C:/Program Files/Unity/Hub/Editor/6000.6.3f1/Editor/Data/MonoBleedingEdge/etc'
Using monoOptions --debugger-agent=transport=dt_socket,embedding=1,server=y,suspend=n,address=127.0.0.1:56312
CodeReloadManager initialized
Begin MonoManager ReloadAssembly
Registering precompiled unity dll's ...
Register platform support module: C:/Program Files/Unity/Hub/Editor/6000.6.3f1/Editor/Data/PlaybackEngines/WebGLSupport/UnityEditor.WebGL.Extensions.dll
Register platform support module: C:/Program Files/Unity/Hub/Editor/6000.6.3f1/Editor/Data/PlaybackEngines/WindowsStandaloneSupport/UnityEditor.WindowsStandalone.Extensions.dll
Registered in 0.001398 seconds.
Native extension for WindowsStandalone target not found
Native extension for WebGL target not found
Package Manager log level set to [2]
[Package Manager] Failed to launch server process. Reason: Unity was launched with the -noUpm command-line argument
[Package Manager] Unable to send message (not connected to server process).
[Package Manager] Cannot connect to Unity Package Manager local server
ScheduleIndexationOnStartup MainProcess:False IndexOnStartup:True
Scripting: successfully reloaded assembly
- Finished resetting the current domain, in  0.410 seconds
Domain Reload Profiling: 970ms
	BeginReloadAssembly (121ms)
	RebuildCommonClasses (5ms)
	RebuildNativeTypeToScriptingClass (16ms)
	initialDomainReloadingComplete (64ms)
	LoadAllAssembliesAndSetupDomain (352ms)
		LoadAssemblies (119ms)
		TypeCache.Refresh (247ms)
			TypeCache.ScanAssembly (232ms)
		AnalyzeDomain (1ms)
	FinalizeReload (411ms)
		SetupLoadedEditorAssemblies (0ms)
			BeforeProcessingInitializeOnLoad (97ms)
			ProcessInitializeOnLoadAttributes (91ms)
			ProcessInitializeOnLoadMethodAttributes (129ms)
Initializing Unity extensions:
[Licensing::Client] Successfully resolved entitlement details
[Licensing::Module] License group:
  Id: F4-JT8S-VX4V-2PXU-5UM5-XXXX
  Product: Unity Personal
  Type: ULF
  Expiration: Unlimited
[Licensing::Module] License group:
  Id: 5774130951012-UnityPersXXXX
  Product: Unity Personal
  Type: Assigned
  Expiration: Unlimited
========================================================================
Worker process is ready to serve import requests
Import Worker Mode flag is 0x00
Begin MonoManager ReloadAssembly
'Packages/com.unity.render-pipelines.core/Editor/Deprecated.cs' contains partial class of Unity.Object, exactly 1 of the partial classes needs to be in a file with the same filename. This is to know the one that can be referenced from ie. GameObjects
'Packages/com.unity.render-pipelines.core/Editor/Deprecated.cs' contains partial class of Unity.Object, exactly 1 of the partial classes needs to be in a file with the same filename. This is to know the one that can be referenced from ie. GameObjects
Native extension for WindowsStandalone target not found
Native extension for WebGL target not found
[Package Manager] Failed to launch server process. Reason: Unity was launched with the -noUpm command-line argument
[Package Manager] Unable to send message (not connected to server process).
[Package Manager] Cannot connect to Unity Package Manager local server
[Package Manager] Failed to launch server process. Reason: Unity was launched with the -noUpm command-line argument
[Package Manager] Unable to send message (not connected to server process).
[Package Manager] Cannot connect to Unity Package Manager local server
ScheduleIndexationOnStartup MainProcess:False IndexOnStartup:True
Scripting: successfully reloaded assembly
- Finished resetting the current domain, in  0.547 seconds
Domain Reload Profiling: 1269ms
	BeginReloadAssembly (164ms)
		DisableScriptedObjects (7ms)
		CreateAndSetChildDomain (24ms)
	RebuildCommonClasses (7ms)
	RebuildNativeTypeToScriptingClass (13ms)
	initialDomainReloadingComplete (43ms)
	LoadAllAssembliesAndSetupDomain (492ms)
		LoadAssemblies (257ms)
		TypeCache.Refresh (149ms)
			TypeCache.ScanAssembly (136ms)
		AnalyzeDomain (54ms)
			BuildScriptInfoCaches (49ms)
			ResolveRequiredComponents (4ms)
	FinalizeReload (548ms)
		SetupLoadedEditorAssemblies (0ms)
			BeforeProcessingInitializeOnLoad (85ms)
			ProcessInitializeOnLoadAttributes (226ms)
			ProcessInitializeOnLoadMethodAttributes (77ms)
			AfterProcessingInitializeOnLoad (4ms)
		AwakeInstancesAfterBackupRestoration (6ms)
AcceleratorClientConnectionCallback - disconnected - :0
WARNING: Shader Unsupported: 'Hidden/Universal Render Pipeline/Terrain/Lit (Base Pass)' - All subshaders removed
WARNING: Shader Did you use #pragma only_renderers and omit this platform?
WARNING: Shader If subshaders removal was intentional, you may have forgotten turning Fallback off?
WARNING: Shader Unsupported: 'Universal Render Pipeline/Terrain/Lit' - All subshaders removed
WARNING: Shader Did you use #pragma only_renderers and omit this platform?
WARNING: Shader If subshaders removal was intentional, you may have forgotten turning Fallback off?
Launched and connected shader compiler UnityShaderCompiler.exe after 0.01 seconds
Unloading 98 Unused Serialized files (Serialized files now loaded: 0)
Unloading 6676 unused Assets / (12.3 MB). Loaded Objects now: 7324.
Memory consumption went from 331.4 MB to 319.1 MB.
Total: 7.118900 ms (FindLiveObjects: 0.589000 ms CreateObjectMapping: 0.261700 ms MarkObjects: 4.002900 ms  DeleteObjects: 2.018500 ms)

========================================================================
Received Import Request.
  Time of request: 2026-09-30T15:21:26.5683113Z
  Time since last request: 592.69440520000001 seconds.
  importAddress: GUID: e06e3d5736dfa8f4bbb1db6583e32f4c - Path: Assets/IndieMarc/TopDownDemo/Textures/Lever_position01.png - Importer: ScriptedImporter/UnityEditor.QuickSearchModule:UnityEditor.Search:ASIAI0B
Importing 'GUID: e06e3d5736dfa8f4bbb1db6583e32f4c - Path: Assets/IndieMarc/TopDownDemo/Textures/Lever_position01.png - Importer: ScriptedImporter/UnityEditor.QuickSearchModule:UnityEditor.Search:ASIAI0B' with importer (ScriptedImporter : UnityEditor.QuickSearchModule:UnityEditor.Search:ASIAI0B)
Imported 'GUID: e06e3d5736dfa8f4bbb1db6583e32f4c' -> (Import Result ID: 'f13f2fb8553921e9dbec319d36add801') in 0.150 seconds [static and dynamic dependencies]. Details - ImportResultOutputID=349589c13ec880bc35e7a3077b6974d3 DependenciesID=49a68639792658ea325e5ae50cf4183e StaticDependenciesID=070f109fc553b581bfcbd96e80a451f8 
Number of updated asset objects reloaded before import = 0
Number of asset objects unloaded after import = 3
========================================================================
Received Import Request.
  Time of request: 2026-09-30T15:21:26.7286307Z
  Time since last request: 0.0000237 seconds.
  importAddress: GUID: 4d7fe053dcbab9247a709d24fb90da3f - Path: Assets/IndieMarc/TopDownDemo/Prefabs/DoorKey.prefab - Importer: ScriptedImporter/UnityEditor.QuickSearchModule:UnityEditor.Search:ASIAI0B
Importing 'GUID: 4d7fe053dcbab9247a709d24fb90da3f - Path: Assets/IndieMarc/TopDownDemo/Prefabs/DoorKey.prefab - Importer: ScriptedImporter/UnityEditor.QuickSearchModule:UnityEditor.Search:ASIAI0B' with importer (ScriptedImporter : UnityEditor.QuickSearchModule:UnityEditor.Search:ASIAI0B)
Imported 'GUID: 4d7fe053dcbab9247a709d24fb90da3f' -> (Import Result ID: '26a9a56edd805c950ea5ec2fbdda5d31') in 0.052 seconds [static and dynamic dependencies]. Details - ImportResultOutputID=22f386c48e39398f4ee55eac10cce4cc DependenciesID=edc9cea951ebd73e5b187d52fd4e6e49 StaticDependenciesID=bd489d1cb95c03ad1cc1f213f956745c 
Number of updated asset objects reloaded before import = 0
Number of asset objects unloaded after import = 24
========================================================================
Received Import Request.
  Time of request: 2026-09-30T15:21:26.7888213Z
  Time since last request: 0.0002837 seconds.
  importAddress: GUID: 2b4c09693691e204a84dcc8446966a42 - Path: Assets/IndieMarc/TopDownDemo/Materials/Sprite3D-diffuse.shader - Importer: ScriptedImporter/UnityEditor.QuickSearchModule:UnityEditor.Search:ASIAI0B
Importing 'GUID: 2b4c09693691e204a84dcc8446966a42 - Path: Assets/IndieMarc/TopDownDemo/Materials/Sprite3D-diffuse.shader - Importer: ScriptedImporter/UnityEditor.QuickSearchModule:UnityEditor.Search:ASIAI0B' with importer (ScriptedImporter : UnityEditor.QuickSearchModule:UnityEditor.Search:ASIAI0B)
Imported 'GUID: 2b4c09693691e204a84dcc8446966a42' -> (Import Result ID: 'c3059a33a358e3def1590512a29def4f') in 0.010 seconds [static and dynamic dependencies]. Details - ImportResultOutputID=e1a7f274f3a4ac31f427293d20852630 DependenciesID=8914011d8fa0e386e678e6c33002f57a StaticDependenciesID=48bd18ea4d6222439a4ff8858dfaf0d4 
Number of updated asset objects reloaded before import = 0
Number of asset objects unloaded after import = 1
========================================================================
Received Import Request.
  Time of request: 2026-09-30T15:21:26.806117Z
  Time since last request: 0.0002793 seconds.
  importAddress: GUID: 2b8ea9999b4c71042bcdc8d737ba8930 - Path: Assets/IndieMarc/TopDownDemo/Editor/FixZ.cs - Importer: ScriptedImporter/UnityEditor.QuickSearchModule:UnityEditor.Search:ASIAI0B
Importing 'GUID: 2b8ea9999b4c71042bcdc8d737ba8930 - Path: Assets/IndieMarc/TopDownDemo/Editor/FixZ.cs - Importer: ScriptedImporter/UnityEditor.QuickSearchModule:UnityEditor.Search:ASIAI0B' with importer (ScriptedImporter : UnityEditor.QuickSearchModule:UnityEditor.Search:ASIAI0B)
Imported 'GUID: 2b8ea9999b4c71042bcdc8d737ba8930' -> (Import Result ID: '0011fd7fa9c3d8055ae83e5c0684acee') in 0.002 seconds [static and dynamic dependencies]. Details - ImportResultOutputID=2876235df577e982f666460cdaf379d3 DependenciesID=c2780683d486bb3b0994de3fb782bd85 StaticDependenciesID=826c8cd2ec330b361c2e0b6baaf8a31d 
Number of updated asset objects reloaded before import = 0
Number of asset objects unloaded after import = 0
========================================================================
Received Import Request.
  Time of request: 2026-09-30T15:21:26.8157548Z
  Time since last request: 0.0002933 seconds.
  importAddress: GUID: 7dd25fc032a214247bd473e11162b850 - Path: Assets/IndieMarc/PlatformerDemo/Tilemap/Old/old-tile-slide-left.png - Importer: ScriptedImporter/UnityEditor.QuickSearchModule:UnityEditor.Search:ASIAI0B
Importing 'GUID: 7dd25fc032a214247bd473e11162b850 - Path: Assets/IndieMarc/PlatformerDemo/Tilemap/Old/old-tile-slide-left.png - Importer: ScriptedImporter/UnityEditor.QuickSearchModule:UnityEditor.Search:ASIAI0B' with importer (ScriptedImporter : UnityEditor.QuickSearchModule:UnityEditor.Search:ASIAI0B)
Imported 'GUID: 7dd25fc032a214247bd473e11162b850' -> (Import Result ID: '123240671447ee6da3b5fd09b2a1e17e') in 0.006 seconds [static and dynamic dependencies]. Details - ImportResultOutputID=250213226e1d63e6f4ee92fe03457d1e DependenciesID=0944a5b060f4da306a817aa52523f623 StaticDependenciesID=53686404a46379ff51fb0f53941e1670 
Number of updated asset objects reloaded before import = 0
Number of asset objects unloaded after import = 3
========================================================================
Received Import Request.
  Time of request: 2026-09-30T15:21:26.8300743Z
  Time since last request: 0.000361 seconds.
  importAddress: GUID: 8bfabaf3971ff8b4fabfc18ee10951c2 - Path: Assets/IndieMarc/PlatformerDemo/Tilemap/Black/tile-flat-bottom.png - Importer: ScriptedImporter/UnityEditor.QuickSearchModule:UnityEditor.Search:ASIAI0B
Importing 'GUID: 8bfabaf3971ff8b4fabfc18ee10951c2 - Path: Assets/IndieMarc/PlatformerDemo/Tilemap/Black/tile-flat-bottom.png - Importer: ScriptedImporter/UnityEditor.QuickSearchModule:UnityEditor.Search:ASIAI0B' with importer (ScriptedImporter : UnityEditor.QuickSearchModule:UnityEditor.Search:ASIAI0B)
Imported 'GUID: 8bfabaf3971ff8b4fabfc18ee10951c2' -> (Import Result ID: '6ec3dd68dca8242f7508d9ed07dea5cf') in 0.007 seconds [static and dynamic dependencies]. Details - ImportResultOutputID=8820ec70faa131424b72d399c32889a6 DependenciesID=21cc421f2eeda0f85e4e77219b081d72 StaticDependenciesID=3311324a5d88355aadc4b6a764095acd 
Number of updated asset objects reloaded before import = 0
Number of asset objects unloaded after import = 3
========================================================================
Received Import Request.
  Time of request: 2026-09-30T15:21:26.8618659Z
  Time since last request: 0.0167846 seconds.
  importAddress: GUID: 6de24d4294df3e94c885f8b8ab75153f - Path: Assets/IndieMarc/PlatformerDemo/Sprites/Character/CharacteAnimIdle.anim - Importer: ScriptedImporter/UnityEditor.QuickSearchModule:UnityEditor.Search:ASIAI0B
Importing 'GUID: 6de24d4294df3e94c885f8b8ab75153f - Path: Assets/IndieMarc/PlatformerDemo/Sprites/Character/CharacteAnimIdle.anim - Importer: ScriptedImporter/UnityEditor.QuickSearchModule:UnityEditor.Search:ASIAI0B' with importer (ScriptedImporter : UnityEditor.QuickSearchModule:UnityEditor.Search:ASIAI0B)
Imported 'GUID: 6de24d4294df3e94c885f8b8ab75153f' -> (Import Result ID: '450de80625118b493f8ab553d9df0c88') in 0.008 seconds [static and dynamic dependencies]. Details - ImportResultOutputID=6135cb41964ef3421ee5230e1153af05 DependenciesID=4061c1ccd31be43ac53121814e0c17a0 StaticDependenciesID=bb66fd0319f08a598ce8bdc4a79e409a 
Number of updated asset objects reloaded before import = 0
Number of asset objects unloaded after import = 1
========================================================================
Received Import Request.
  Time of request: 2026-09-30T15:21:26.8771895Z
  Time since last request: 0.0004185 seconds.
  importAddress: GUID: da5293bf6231de2409e4676c5709f3d8 - Path: Assets/IndieMarc/PlatformerDemo/Sprites/Character/CharacteAnimCrouch.anim - Importer: ScriptedImporter/UnityEditor.QuickSearchModule:UnityEditor.Search:ASIAI0B
Importing 'GUID: da5293bf6231de2409e4676c5709f3d8 - Path: Assets/IndieMarc/PlatformerDemo/Sprites/Character/CharacteAnimCrouch.anim - Importer: ScriptedImporter/UnityEditor.QuickSearchModule:UnityEditor.Search:ASIAI0B' with importer (ScriptedImporter : UnityEditor.QuickSearchModule:UnityEditor.Search:ASIAI0B)
Imported 'GUID: da5293bf6231de2409e4676c5709f3d8' -> (Import Result ID: '1a191da34a07da5102b8828e7fd2ea95') in 0.004 seconds [static and dynamic dependencies]. Details - ImportResultOutputID=5bff0fc7eab6aee50fff9d787cf2fa07 DependenciesID=e57e9fe559bee0cac2ffe277455a38d8 StaticDependenciesID=eac1177bcab0a144ed2b74be690ee054 
Number of updated asset objects reloaded before import = 0
Number of asset objects unloaded after import = 1
========================================================================
Received Import Request.
  Time of request: 2026-09-30T15:21:26.8881251Z
  Time since last request: 0.0003077 seconds.
  importAddress: GUID: bb442bf150e81e44aa15a7d077be93b4 - Path: Assets/IndieMarc/PlatformerDemo/Tilemap/Black/tile-empty.png - Importer: ScriptedImporter/UnityEditor.QuickSearchModule:UnityEditor.Search:ASIAI0B
Importing 'GUID: bb442bf150e81e44aa15a7d077be93b4 - Path: Assets/IndieMarc/PlatformerDemo/Tilemap/Black/tile-empty.png - Importer: ScriptedImporter/UnityEditor.QuickSearchModule:UnityEditor.Search:ASIAI0B' with importer (ScriptedImporter : UnityEditor.QuickSearchModule:UnityEditor.Search:ASIAI0B)
Imported 'GUID: bb442bf150e81e44aa15a7d077be93b4' -> (Import Result ID: 'db9bc6491a0b91a87443b3541c0eba08') in 0.007 seconds [static and dynamic dependencies]. Details - ImportResultOutputID=0aafbb0fa1223fc33cf88695be3719f5 DependenciesID=e4e61d781b92728bf2ac5bd73caa0940 StaticDependenciesID=91ebdb2172762361a61a76dd23637b82 
Number of updated asset objects reloaded before import = 0
Number of asset objects unloaded after import = 3
========================================================================
Received Import Request.
  Time of request: 2026-09-30T15:21:26.9033923Z
  Time since last request: 0.0002453 seconds.
  importAddress: GUID: 35fa846952ea23b41a9dca4d21464be1 - Path: Assets/IndieMarc/TopDownDemo/TopDownDemo.unity - Importer: ScriptedImporter/UnityEditor.QuickSearchModule:UnityEditor.Search:ASIAI0B
Importing 'GUID: 35fa846952ea23b41a9dca4d21464be1 - Path: Assets/IndieMarc/TopDownDemo/TopDownDemo.unity - Importer: ScriptedImporter/UnityEditor.QuickSearchModule:UnityEditor.Search:ASIAI0B' with importer (ScriptedImporter : UnityEditor.QuickSearchModule:UnityEditor.Search:ASIAI0B)
Imported 'GUID: 35fa846952ea23b41a9dca4d21464be1' -> (Import Result ID: 'aa9db4b611dcecdfbdb6abe416154375') in 0.006 seconds [static and dynamic dependencies]. Details - ImportResultOutputID=9a7e8da436dbda9e1ebeda5fc4f02963 DependenciesID=88b0f8b1058b52ba9bad4ea5293d5f6b StaticDependenciesID=91540d542a3b1ac836dfff2784f609fd 
Number of updated asset objects reloaded before import = 0
Number of asset objects unloaded after import = 1
========================================================================
Received Import Request.
  Time of request: 2026-09-30T15:21:26.9185968Z
  Time since last request: 0.0003204 seconds.
  importAddress: GUID: b937c083690a18143bda92e16843be1d - Path: Assets/IndieMarc/PlatformerDemo/Sprites/Lever/Lever_position02.png - Importer: ScriptedImporter/UnityEditor.QuickSearchModule:UnityEditor.Search:ASIAI0B
Importing 'GUID: b937c083690a18143bda92e16843be1d - Path: Assets/IndieMarc/PlatformerDemo/Sprites/Lever/Lever_position02.png - Importer: ScriptedImporter/UnityEditor.QuickSearchModule:UnityEditor.Search:ASIAI0B' with importer (ScriptedImporter : UnityEditor.QuickSearchModule:UnityEditor.Search:ASIAI0B)
Imported 'GUID: b937c083690a18143bda92e16843be1d' -> (Import Result ID: 'de3a503055d4860b2e734b63bb1c37af') in 0.005 seconds [static and dynamic dependencies]. Details - ImportResultOutputID=e157ad1524669f3bb4751a17f2e699aa DependenciesID=fd3c90fa93280fc73fd7c0b5cb1f7df4 StaticDependenciesID=952256b33eab12add3c8d38f5a3c7e77 
Number of updated asset objects reloaded before import = 0
Number of asset objects unloaded after import = 3
========================================================================
Received Import Request.
  Time of request: 2026-09-30T15:21:26.9333089Z
  Time since last request: 0.0002967 seconds.
  importAddress: GUID: b009aaf79b40ccf4ca9f2e51182e5591 - Path: Assets/IndieMarc/PlatformerDemo/Tilemap/Black/tile-slide-right-down.png - Importer: ScriptedImporter/UnityEditor.QuickSearchModule:UnityEditor.Search:ASIAI0B
Importing 'GUID: b009aaf79b40ccf4ca9f2e51182e5591 - Path: Assets/IndieMarc/PlatformerDemo/Tilemap/Black/tile-slide-right-down.png - Importer: ScriptedImporter/UnityEditor.QuickSearchModule:UnityEditor.Search:ASIAI0B' with importer (ScriptedImporter : UnityEditor.QuickSearchModule:UnityEditor.Search:ASIAI0B)
Imported 'GUID: b009aaf79b40ccf4ca9f2e51182e5591' -> (Import Result ID: '736887ce0b83722fe3e5e7318faeb528') in 0.006 seconds [static and dynamic dependencies]. Details - ImportResultOutputID=6ae72315c752cd3e1b4bfb464b3e99fd DependenciesID=d761f18f2838ed55c8b5e2660335063e StaticDependenciesID=ac75935af0455c8cb7a6bd7aa0abc314 
Number of updated asset objects reloaded before import = 0
Number of asset objects unloaded after import = 3
========================================================================
Received Import Request.
  Time of request: 2026-09-30T15:21:26.948169Z
  Time since last request: 0.0005607 seconds.
  importAddress: GUID: e4c1420f815f1df48aca73d3c4726745 - Path: Assets/IndieMarc/TopDownDemo/Sprites/CharacterLeftHold.anim - Importer: ScriptedImporter/UnityEditor.QuickSearchModule:UnityEditor.Search:ASIAI0B
Importing 'GUID: e4c1420f815f1df48aca73d3c4726745 - Path: Assets/IndieMarc/TopDownDemo/Sprites/CharacterLeftHold.anim - Importer: ScriptedImporter/UnityEditor.QuickSearchModule:UnityEditor.Search:ASIAI0B' with importer (ScriptedImporter : UnityEditor.QuickSearchModule:UnityEditor.Search:ASIAI0B)
Imported 'GUID: e4c1420f815f1df48aca73d3c4726745' -> (Import Result ID: '62b85a1413dda2d2df3f2cd2eca62564') in 0.004 seconds [static and dynamic dependencies]. Details - ImportResultOutputID=45add3531829122ea79ffe0a1d27d336 DependenciesID=f1c16816f523956f6a25540ba793bc27 StaticDependenciesID=330bfca8e1753288831428820004f7cf 
Number of updated asset objects reloaded before import = 0
Number of asset objects unloaded after import = 1
========================================================================
Received Import Request.
  Time of request: 2026-09-30T15:21:26.9589793Z
  Time since last request: 0.0002991 seconds.
  importAddress: GUID: 792237b3c87ee6b4c90a74cd87026a89 - Path: Assets/IndieMarc/PlatformerDemo/Scripts/PlayerCharacter.cs - Importer: ScriptedImporter/UnityEditor.QuickSearchModule:UnityEditor.Search:ASIAI0B
Importing 'GUID: 792237b3c87ee6b4c90a74cd87026a89 - Path: Assets/IndieMarc/PlatformerDemo/Scripts/PlayerCharacter.cs - Importer: ScriptedImporter/UnityEditor.QuickSearchModule:UnityEditor.Search:ASIAI0B' with importer (ScriptedImporter : UnityEditor.QuickSearchModule:UnityEditor.Search:ASIAI0B)
Imported 'GUID: 792237b3c87ee6b4c90a74cd87026a89' -> (Import Result ID: 'ccedf052c39186ab335997907fcc63df') in 0.002 seconds [static and dynamic dependencies]. Details - ImportResultOutputID=c0de1532407854d6475f9e2cb72cf37f DependenciesID=99d9a85533bc386193499f06746c2862 StaticDependenciesID=c8fd20729373ecaf906aa110db535204 
Number of updated asset objects reloaded before import = 0
Number of asset objects unloaded after import = 0
========================================================================
Received Import Request.
  Time of request: 2026-09-30T15:21:26.970858Z
  Time since last request: 0.0006092 seconds.
  importAddress: GUID: 80ee80274ab80f84e926b698a399e252 - Path: Assets/IndieMarc/PlatformerDemo/Sprites/Character/CharacteAnimCrouchExit.anim - Importer: ScriptedImporter/UnityEditor.QuickSearchModule:UnityEditor.Search:ASIAI0B
Importing 'GUID: 80ee80274ab80f84e926b698a399e252 - Path: Assets/IndieMarc/PlatformerDemo/Sprites/Character/CharacteAnimCrouchExit.anim - Importer: ScriptedImporter/UnityEditor.QuickSearchModule:UnityEditor.Search:ASIAI0B' with importer (ScriptedImporter : UnityEditor.QuickSearchModule:UnityEditor.Search:ASIAI0B)
Imported 'GUID: 80ee80274ab80f84e926b698a399e252' -> (Import Result ID: 'cc968c8bf24e8e636a6c8a8b1e6e9b01') in 0.004 seconds [static and dynamic dependencies]. Details - ImportResultOutputID=033363c7db49478855e6ead3aab5dba5 DependenciesID=894753bd1284035fd1cc7bb4f7ff9158 StaticDependenciesID=bb18e62a3260b8bc91620db79b631737 
Number of updated asset objects reloaded before import = 0
Number of asset objects unloaded after import = 1
========================================================================
Received Import Request.
  Time of request: 2026-09-30T15:21:26.9840633Z
  Time since last request: 0.0003557 seconds.
  importAddress: GUID: 533120e8664760047bfd6d88d4c03533 - Path: Assets/IndieMarc/PlatformerDemo/Prefabs/Lever.prefab - Importer: ScriptedImporter/UnityEditor.QuickSearchModule:UnityEditor.Search:ASIAI0B
Importing 'GUID: 533120e8664760047bfd6d88d4c03533 - Path: Assets/IndieMarc/PlatformerDemo/Prefabs/Lever.prefab - Importer: ScriptedImporter/UnityEditor.QuickSearchModule:UnityEditor.Search:ASIAI0B' with importer (ScriptedImporter : UnityEditor.QuickSearchModule:UnityEditor.Search:ASIAI0B)
Imported 'GUID: 533120e8664760047bfd6d88d4c03533' -> (Import Result ID: '66a852a40747b0488a9ad8d4739f49a7') in 0.027 seconds [static and dynamic dependencies]. Details - ImportResultOutputID=e095398279e94023b2b26310d54131a4 DependenciesID=066b520b98aaeb2d450a7ab8781d6e75 StaticDependenciesID=426b9169c94dd42223c8491412bc5e27 
Number of updated asset objects reloaded before import = 0
Number of asset objects unloaded after import = 14
========================================================================
Received Import Request.
  Time of request: 2026-09-30T15:21:27.0183631Z
  Time since last request: 0.0002615 seconds.
  importAddress: GUID: 74f7f12e816b4af47b2c22f055f5629a - Path: Assets/IndieMarc/PlatformerDemo/Sprites/CircleBlur.png - Importer: ScriptedImporter/UnityEditor.QuickSearchModule:UnityEditor.Search:ASIAI0B
Importing 'GUID: 74f7f12e816b4af47b2c22f055f5629a - Path: Assets/IndieMarc/PlatformerDemo/Sprites/CircleBlur.png - Importer: ScriptedImporter/UnityEditor.QuickSearchModule:UnityEditor.Search:ASIAI0B' with importer (ScriptedImporter : UnityEditor.QuickSearchModule:UnityEditor.Search:ASIAI0B)
Imported 'GUID: 74f7f12e816b4af47b2c22f055f5629a' -> (Import Result ID: '8db93eacd62ce5f8b06de31076895017') in 0.007 seconds [static and dynamic dependencies]. Details - ImportResultOutputID=bd4950545490a69c012d7edcbb2ed608 DependenciesID=cd710738dd9ff59fd92fa4283c150193 StaticDependenciesID=5bd2e39af77c0c619f61fa729c1310eb 
Number of updated asset objects reloaded before import = 0
Number of asset objects unloaded after import = 3
========================================================================
Received Import Request.
  Time of request: 2026-09-30T15:21:27.0353141Z
  Time since last request: 0.0003706 seconds.
  importAddress: GUID: b83447e05b83ae44d8907a3aa6ea3890 - Path: Assets/IndieMarc/TopDownDemo/Sprites/CharacterRightHold.anim - Importer: ScriptedImporter/UnityEditor.QuickSearchModule:UnityEditor.Search:ASIAI0B
Importing 'GUID: b83447e05b83ae44d8907a3aa6ea3890 - Path: Assets/IndieMarc/TopDownDemo/Sprites/CharacterRightHold.anim - Importer: ScriptedImporter/UnityEditor.QuickSearchModule:UnityEditor.Search:ASIAI0B' with importer (ScriptedImporter : UnityEditor.QuickSearchModule:UnityEditor.Search:ASIAI0B)
Imported 'GUID: b83447e05b83ae44d8907a3aa6ea3890' -> (Import Result ID: 'b349d3d5a7a7ec35912fb401077bdf93') in 0.003 seconds [static and dynamic dependencies]. Details - ImportResultOutputID=6372c1f695c280246e7ad94db889646f DependenciesID=d0ab04e28f811edeba85d6f04c26ecf1 StaticDependenciesID=c9e58a2e0772917010dc6b82daa038aa 
Number of updated asset objects reloaded before import = 0
Number of asset objects unloaded after import = 1
========================================================================
Received Import Request.
  Time of request: 2026-09-30T15:21:27.0481259Z
  Time since last request: 0.0003341 seconds.
  importAddress: GUID: 25325a4f845eebc47b1a00b01a949eda - Path: Assets/IndieMarc/TopDownDemo/Prefabs/CharacterTopDown.prefab - Importer: ScriptedImporter/UnityEditor.QuickSearchModule:UnityEditor.Search:ASIAI0B
Importing 'GUID: 25325a4f845eebc47b1a00b01a949eda - Path: Assets/IndieMarc/TopDownDemo/Prefabs/CharacterTopDown.prefab - Importer: ScriptedImporter/UnityEditor.QuickSearchModule:UnityEditor.Search:ASIAI0B' with importer (ScriptedImporter : UnityEditor.QuickSearchModule:UnityEditor.Search:ASIAI0B)
Imported 'GUID: 25325a4f845eebc47b1a00b01a949eda' -> (Import Result ID: 'b9bf7e4c882f82e7883961668cd7fc48') in 0.028 seconds [static and dynamic dependencies]. Details - ImportResultOutputID=7cf39dfe7eabe0af2e76ee6b225d4f1f DependenciesID=45929f1765651124904d34b7a0e342d0 StaticDependenciesID=bd83333d31b67a27b46b7b1dba4822de 
Number of updated asset objects reloaded before import = 0
Number of asset objects unloaded after import = 79
========================================================================
Received Import Request.
  Time of request: 2026-09-30T15:21:27.0845743Z
  Time since last request: 0.0002655 seconds.
  importAddress: GUID: ff3cce638b247874e8bf3d90a67aba5e - Path: Assets/IndieMarc/PlatformerDemo - Importer: ScriptedImporter/UnityEditor.QuickSearchModule:UnityEditor.Search:ASIAI0B
Importing 'GUID: ff3cce638b247874e8bf3d90a67aba5e - Path: Assets/IndieMarc/PlatformerDemo - Importer: ScriptedImporter/UnityEditor.QuickSearchModule:UnityEditor.Search:ASIAI0B' with importer (ScriptedImporter : UnityEditor.QuickSearchModule:UnityEditor.Search:ASIAI0B)
Imported 'GUID: ff3cce638b247874e8bf3d90a67aba5e' -> (Import Result ID: '5ed8989d32d445d306a83434ad8e6a02') in 0.003 seconds [static and dynamic dependencies]. Details - ImportResultOutputID=9ccfe189fef70c5f1a0b13f4ae9901ed DependenciesID=4d2d2c12f41fecbf5d785e6dbcc2b1fb StaticDependenciesID=035c4707f6cf3a1e2db335a9db063a26 
Number of updated asset objects reloaded before import = 0
Number of asset objects unloaded after import = 1
========================================================================
Received Import Request.
  Time of request: 2026-09-30T15:21:27.095374Z
  Time since last request: 0.0003296 seconds.
  importAddress: GUID: 488fef3a70db04a7d975594f7ab7ce56 - Path: Assets/IndieMarc/PlatformerDemo/Prefabs/CharacterPlatformer.prefab - Importer: ScriptedImporter/UnityEditor.QuickSearchModule:UnityEditor.Search:ASIAI0B
Importing 'GUID: 488fef3a70db04a7d975594f7ab7ce56 - Path: Assets/IndieMarc/PlatformerDemo/Prefabs/CharacterPlatformer.prefab - Importer: ScriptedImporter/UnityEditor.QuickSearchModule:UnityEditor.Search:ASIAI0B' with importer (ScriptedImporter : UnityEditor.QuickSearchModule:UnityEditor.Search:ASIAI0B)
Imported 'GUID: 488fef3a70db04a7d975594f7ab7ce56' -> (Import Result ID: 'a13487150dd1050560e3a51b5ceba640') in 0.015 seconds [static and dynamic dependencies]. Details - ImportResultOutputID=183d4da099bfec346d64274cc92a884a DependenciesID=813f8b588f9c3ca741c1283cab7974ea StaticDependenciesID=f3b3f791d631c7410839f672f49cbd70 
Number of updated asset objects reloaded before import = 0
Number of asset objects unloaded after import = 57
========================================================================
Received Import Request.
  Time of request: 2026-09-30T15:21:27.1184876Z
  Time since last request: 0.0001735 seconds.
  importAddress: GUID: 230ee21eea18d46e48f6038641c438b7 - Path: Assets/IndieMarc/PlatformerDemo/PlatformerDemo.unity - Importer: ScriptedImporter/UnityEditor.QuickSearchModule:UnityEditor.Search:ASIAI0B
Importing 'GUID: 230ee21eea18d46e48f6038641c438b7 - Path: Assets/IndieMarc/PlatformerDemo/PlatformerDemo.unity - Importer: ScriptedImporter/UnityEditor.QuickSearchModule:UnityEditor.Search:ASIAI0B' with importer (ScriptedImporter : UnityEditor.QuickSearchModule:UnityEditor.Search:ASIAI0B)
Imported 'GUID: 230ee21eea18d46e48f6038641c438b7' -> (Import Result ID: '3b54dd4f6442cc982446a1925abf6ca3') in 0.005 seconds [static and dynamic dependencies]. Details - ImportResultOutputID=b851b85ef1e09fc766ba3bb421fcc937 DependenciesID=6f41de3d26b73a23f828adfb2527cbe8 StaticDependenciesID=fff9dd96c6b5553f874649de55e60d40 
Number of updated asset objects reloaded before import = 0
Number of asset objects unloaded after import = 1
========================================================================
Received Import Request.
  Time of request: 2026-09-30T15:21:27.1314731Z
  Time since last request: 0.0004143 seconds.
  importAddress: GUID: 73289312bd5fe8d459fcd1e8803113ba - Path: Assets/IndieMarc/TopDownDemo/Materials/SpriteDiffuse.mat - Importer: ScriptedImporter/UnityEditor.QuickSearchModule:UnityEditor.Search:ASIAI0B
Importing 'GUID: 73289312bd5fe8d459fcd1e8803113ba - Path: Assets/IndieMarc/TopDownDemo/Materials/SpriteDiffuse.mat - Importer: ScriptedImporter/UnityEditor.QuickSearchModule:UnityEditor.Search:ASIAI0B' with importer (ScriptedImporter : UnityEditor.QuickSearchModule:UnityEditor.Search:ASIAI0B)
Imported 'GUID: 73289312bd5fe8d459fcd1e8803113ba' -> (Import Result ID: 'b0ee05eb9ee1846b198dfed7c04d01e4') in 0.019 seconds [static and dynamic dependencies]. Details - ImportResultOutputID=e48c8922baec576772e4ee9b99e086e9 DependenciesID=4657fe376de1cdcd5c49cf89a82b16d1 StaticDependenciesID=7a7677e92aae1938ba91e08165d6ad97 
Number of updated asset objects reloaded before import = 0
Number of asset objects unloaded after import = 1
Editor requested this worker to shutdown with reason: Scaling down because of idle timeout
AcceleratorClientConnectionCallback - disconnected - :0
AssetImportWorker is now disconnected from the server
Process exiting
[ExitDontLaunchBugReporter] Exiting without the bug reporter. Application will exit with return code 0
