[Licensing::Module] Trying to connect to existing licensing client channel...
Built from '6000.6/staging' branch; Version is '6000.6.3f1 (45d8eee7de74) revision 4577518'; Using compiler version '194234433'; Build Type 'Release'
[Licensing::IpcConnector] Successfully connected to: "LicenseClient-MSI" at "2026-09-30T16:37:39.0237339Z"
OS: 'Windows 11  (10.0.26200) Professional' Language: 'ru' Physical Memory: 32472 MB
BatchMode: 1, IsHumanControllingUs: 0, StartBugReporterOnCrash: 0, Is64bit: 1
System  architecture: x64
Process architecture: x64
Date: 2026-09-30T16:37:39Z
[Licensing::Client] Code 10 while verifying Licensing Client signature (process Id: 22332, path: "C:/Program Files/Unity Hub/UnityLicensingClient_V1/Unity.Licensing.Client.exe")
[Licensing::Module] LicensingClient has failed validation; ignoring
[Licensing::Client] Handshaking with LicensingClient:
  Version:                 1.18.3+d7ffd15
  Session Id:              d3aae4b45e4d45e0b74f55ff089237d6
  Correlation Id:          e35cd7d0a87048009a7b1555b953f0e6
  External correlation Id: 2927865435749857687
  Machine Id:              sxwzM81Ex40/eNcvTTuFU07obCk=
[Licensing::Module] Successfully connected to LicensingClient on channel: "LicenseClient-MSI" (connect: 0.00s, validation: 0.00s, handshake: 0.02s)
[Licensing::IpcConnector] Successfully connected to: "LicenseClient-MSI-notifications" at "2026-09-30T16:37:39.0485904Z"
[Licensing::Module] Licensing Background thread has ended after 0.03s

COMMAND LINE ARGUMENTS:
C:\Program Files\Unity\Hub\Editor\6000.6.3f1\Editor\Unity.exe
-adb2
-batchMode
-noUpm
-name
AssetImportWorkerHW1
-projectPath
C:/Users/MSI/OPD_laba_2
-logFile
Logs/AssetImportWorkerHW1.log
-srvPort
59767
-parentPid
23748
-analyticsCloudUserId
5774130951012
-analyticsCloudProjectId
a1edac4b-f7b7-494b-b609-a49f1cf416c8
-analyticsLocalProjectId
5c24d23f4249402418947dabd5687b1a
-editorAnalyticsEnabled
1
-cbmEditorLicense
0611f63d9657854fe5faf97fe0b0406b00c24fc5
-cbmMachineId
sxwzM81Ex40/eNcvTTuFU07obCk=
-licensingIpc
LicenseClient-MSI
-noDiagnosticSwitchPersistentStore
-job-worker-count
11
-background-job-worker-count
8
-asset-garbage-collectors
1
-force-d3d12
-name
AssetImport
Successfully changed project path to: C:/Users/MSI/OPD_laba_2
C:/Users/MSI/OPD_laba_2
[UnityMemory] Configuration Parameters - Can be set up in boot.config
    "memorysetup-temp-allocator-size-gi-baking-worker=262144"
    "memorysetup-temp-allocator-size-gi-baking-worker=262144"
    "memorysetup-temp-allocator-size-gi-baking-worker=262144"
    "memorysetup-temp-allocator-size-gi-baking-worker=262144"
    "memorysetup-temp-allocator-size-gi-baking-worker=262144"
    "memorysetup-temp-allocator-size-nav-mesh-worker=65536"
    "memorysetup-temp-allocator-size-audio-worker=65536"
    "memorysetup-temp-allocator-size-cloud-worker=32768"
    "memorysetup-temp-allocator-size-gfx=262144"
    "memorysetup-remapper-allocator-initial-capacity=32768"
    "memorysetup-temp-allocator-size-preload-manager=33554432"
    "memorysetup-allocator-temp-initial-block-size-main=262144"
    "memorysetup-allocator-temp-initial-block-size-worker=262144"
    "memorysetup-temp-allocator-size-job-worker=262144"
    "memorysetup-temp-allocator-size-background-worker=32768"
    "memorysetup-bucket-allocator-granularity=16"
    "memorysetup-bucket-allocator-bucket-count=8"
    "memorysetup-bucket-allocator-block-size=33554432"
    "memorysetup-bucket-allocator-block-count=8"
    "memorysetup-main-allocator-block-size=16777216"
    "memorysetup-thread-allocator-block-size=16777216"
    "memorysetup-main-allocator-mimalloc-enabled=1"
    "memorysetup-gfx-main-allocator-block-size=16777216"
    "memorysetup-gfx-thread-allocator-block-size=16777216"
    "memorysetup-cache-allocator-block-size=4194304"
    "memorysetup-typetree-allocator-block-size=2097152"
    "memorysetup-profiler-bucket-allocator-granularity=16"
    "memorysetup-profiler-bucket-allocator-bucket-count=8"
    "memorysetup-profiler-bucket-allocator-block-size=33554432"
    "memorysetup-profiler-bucket-allocator-block-count=8"
    "memorysetup-profiler-allocator-block-size=16777216"
    "memorysetup-profiler-editor-allocator-block-size=1048576"
    "memorysetup-temp-allocator-size-main=16777216"
    "memorysetup-job-temp-allocator-block-size=2097152"
    "memorysetup-job-temp-allocator-block-size-background=1048576"
    "memorysetup-job-temp-allocator-reduction-small-platforms=262144"
Player connection [10972]  Target information:

Player connection [10972]  * "[IP] 192.168.3.10 [Port] 0 [Flags] 2 [Guid] 916864021 [EditorId] 916864021 [Version] 1048832 [Id] WindowsEditor(7,DESKTOP-MTCHHAV) [Debug] 1 [PackageName] WindowsEditor [ProjectName] Editor" 

Player connection [10972] Host joined multi-casting on [225.0.0.222:54997]...
Player connection [10972] Host joined alternative multi-casting on [225.0.0.222:34997]...
JobSystem: Creating JobQueue using job-worker-count value 11
Input System module state changed to: Initialized.
[Physics::Module] Initialized fallback backend.
[Physics::Module] Id: 0xdecafbad
Library Redirect Path: Library/
Initialising UDS system complete:
  - System type: Client
  - Resource namespace: 4f4d54d89a7d6385282fa40a0245a869
  - Shared memory size: 1073741824
  - Command buffer id: 1052576
  - Command buffer size: 8192
  - Hashmap size: 4194304
  - Service connected: true
  - Service working directory: Library/DataStore/
Refreshing native plugins compatible for Editor in 3.66 ms, found 4 plugins.
[Physics::Module] Selected backend (deferred post-plugins).
[Physics::Module] Name: PhysX
[Physics::Module] Id: 0xf2b8ea05
[Physics::Module] SDK Version: 4.1.2
[Physics::Module] Integration Version: 1.0.0
[Physics::Module] Threading Mode: Multi-Threaded
Initialize engine version: 6000.6.3f1 (45d8eee7de74)
[EntityIdStore] init: VM path (explicit commit), pageSize=4096, blockCount=1048576, entitiesPerBlock=256, slots reserved=4294967296 bytes
[Subsystems] Discovering subsystems at path C:/Program Files/Unity/Hub/Editor/6000.6.3f1/Editor/Data/Resources/UnitySubsystems
[Subsystems] Discovering subsystems at path C:/Users/MSI/OPD_laba_2/Assets
Forcing GfxDevice: Direct3D 12
GfxDevice: creating device client; kGfxThreadingModeNonThreaded
d3d12: failed to query info queue interface (0x80004002).
Direct3D:
    Version:         Direct3D 12 [level 12.2]
    Renderer:        NVIDIA GeForce RTX 5070 Laptop GPU (ID=0x2d18)
    Vendor:          NVIDIA
    VRAM:            7891 MB
    App VRAM Budget: 7123 MB
    Driver:          32.0.16.1047
Initialize mono
Mono path[0] = 'C:/Program Files/Unity/Hub/Editor/6000.6.3f1/Editor/Data/Managed'
Mono path[1] = 'C:/Program Files/Unity/Hub/Editor/6000.6.3f1/Editor/Data/BCLExtensions/runtime/netstandard2.1'
Mono path[2] = 'C:/Program Files/Unity/Hub/Editor/6000.6.3f1/Editor/Data/MonoBleedingEdge/lib/mono/unityjit-win32'
Mono config path = 'C:/Program Files/Unity/Hub/Editor/6000.6.3f1/Editor/Data/MonoBleedingEdge/etc'
Using monoOptions --debugger-agent=transport=dt_socket,embedding=1,server=y,suspend=n,address=127.0.0.1:56152
CodeReloadManager initialized
Begin MonoManager ReloadAssembly
Registering precompiled unity dll's ...
Register platform support module: C:/Program Files/Unity/Hub/Editor/6000.6.3f1/Editor/Data/PlaybackEngines/WebGLSupport/UnityEditor.WebGL.Extensions.dll
Register platform support module: C:/Program Files/Unity/Hub/Editor/6000.6.3f1/Editor/Data/PlaybackEngines/WindowsStandaloneSupport/UnityEditor.WindowsStandalone.Extensions.dll
Registered in 0.001214 seconds.
Native extension for WindowsStandalone target not found
Native extension for WebGL target not found
Package Manager log level set to [2]
[Package Manager] Failed to launch server process. Reason: Unity was launched with the -noUpm command-line argument
[Package Manager] Unable to send message (not connected to server process).
[Package Manager] Cannot connect to Unity Package Manager local server
ScheduleIndexationOnStartup MainProcess:False IndexOnStartup:True
Scripting: successfully reloaded assembly
- Finished resetting the current domain, in  0.333 seconds
Domain Reload Profiling: 736ms
	BeginReloadAssembly (91ms)
	RebuildCommonClasses (4ms)
	RebuildNativeTypeToScriptingClass (13ms)
	initialDomainReloadingComplete (45ms)
	LoadAllAssembliesAndSetupDomain (250ms)
		LoadAssemblies (89ms)
		TypeCache.Refresh (174ms)
			TypeCache.ScanAssembly (163ms)
		AnalyzeDomain (0ms)
	FinalizeReload (333ms)
		SetupLoadedEditorAssemblies (0ms)
			BeforeProcessingInitializeOnLoad (78ms)
			ProcessInitializeOnLoadAttributes (70ms)
			ProcessInitializeOnLoadMethodAttributes (114ms)
Initializing Unity extensions:
[Licensing::Client] Successfully resolved entitlement details
[Licensing::Module] License group:
  Id: F4-JT8S-VX4V-2PXU-5UM5-XXXX
  Product: Unity Personal
  Type: ULF
  Expiration: Unlimited
[Licensing::Module] License group:
  Id: 5774130951012-UnityPersXXXX
  Product: Unity Personal
  Type: Assigned
  Expiration: Unlimited
========================================================================
Worker process is ready to serve import requests
Import Worker Mode flag is 0x00
Begin MonoManager ReloadAssembly
'Packages/com.unity.render-pipelines.core/Editor/Deprecated.cs' contains partial class of Unity.Object, exactly 1 of the partial classes needs to be in a file with the same filename. This is to know the one that can be referenced from ie. GameObjects
'Packages/com.unity.render-pipelines.core/Editor/Deprecated.cs' contains partial class of Unity.Object, exactly 1 of the partial classes needs to be in a file with the same filename. This is to know the one that can be referenced from ie. GameObjects
Native extension for WindowsStandalone target not found
Native extension for WebGL target not found
[Package Manager] Failed to launch server process. Reason: Unity was launched with the -noUpm command-line argument
[Package Manager] Unable to send message (not connected to server process).
[Package Manager] Cannot connect to Unity Package Manager local server
[Package Manager] Failed to launch server process. Reason: Unity was launched with the -noUpm command-line argument
[Package Manager] Unable to send message (not connected to server process).
[Package Manager] Cannot connect to Unity Package Manager local server
ScheduleIndexationOnStartup MainProcess:False IndexOnStartup:True
Scripting: successfully reloaded assembly
- Finished resetting the current domain, in  0.478 seconds
Domain Reload Profiling: 1121ms
	BeginReloadAssembly (151ms)
		DisableScriptedObjects (6ms)
		CreateAndSetChildDomain (21ms)
	RebuildCommonClasses (6ms)
	RebuildNativeTypeToScriptingClass (13ms)
	initialDomainReloadingComplete (40ms)
	LoadAllAssembliesAndSetupDomain (432ms)
		LoadAssemblies (238ms)
		TypeCache.Refresh (123ms)
			TypeCache.ScanAssembly (112ms)
		AnalyzeDomain (49ms)
			BuildScriptInfoCaches (44ms)
			ResolveRequiredComponents (3ms)
	FinalizeReload (479ms)
		SetupLoadedEditorAssemblies (0ms)
			BeforeProcessingInitializeOnLoad (78ms)
			ProcessInitializeOnLoadAttributes (191ms)
			ProcessInitializeOnLoadMethodAttributes (69ms)
			AfterProcessingInitializeOnLoad (3ms)
		AwakeInstancesAfterBackupRestoration (5ms)
AcceleratorClientConnectionCallback - disconnected - :0
WARNING: Shader Unsupported: 'Hidden/Universal Render Pipeline/Terrain/Lit (Base Pass)' - All subshaders removed
WARNING: Shader Did you use #pragma only_renderers and omit this platform?
WARNING: Shader If subshaders removal was intentional, you may have forgotten turning Fallback off?
WARNING: Shader Unsupported: 'Universal Render Pipeline/Terrain/Lit' - All subshaders removed
WARNING: Shader Did you use #pragma only_renderers and omit this platform?
WARNING: Shader If subshaders removal was intentional, you may have forgotten turning Fallback off?
Launched and connected shader compiler UnityShaderCompiler.exe after 0.01 seconds
Unloading 98 Unused Serialized files (Serialized files now loaded: 0)
Unloading 6676 unused Assets / (12.1 MB). Loaded Objects now: 7326.
Memory consumption went from 334.0 MB to 321.8 MB.
Total: 7.376400 ms (FindLiveObjects: 1.135800 ms CreateObjectMapping: 0.335700 ms MarkObjects: 3.794500 ms  DeleteObjects: 1.884300 ms)

Curl error 7: Failed to connect to cdp.cloud.unity3d.com port 443 via 127.0.0.1 after 2043 ms: Could not connect to server
========================================================================
Received Import Request.
  Time of request: 2026-09-30T16:37:42.9192158Z
  Time since last request: 5169.04530979999981 seconds.
  importAddress: GUID: 74f7f12e816b4af47b2c22f055f5629a - Path: Assets/IndieMarc/PlatformerDemo/Sprites/CircleBlur.png - Importer: PreviewImporter
Importing 'GUID: 74f7f12e816b4af47b2c22f055f5629a - Path: Assets/IndieMarc/PlatformerDemo/Sprites/CircleBlur.png - Importer: PreviewImporter' with importer (PreviewImporter)
Imported 'GUID: 74f7f12e816b4af47b2c22f055f5629a' -> (Import Result ID: 'c42261457f6cd84915134acac186ea71') in 0.083 seconds [static and dynamic dependencies]. Details - ImportResultOutputID=c45c3e8f1d26753f685dc71b62b971d5 DependenciesID=a592a9383adb4912d455003b72fd3d2a StaticDependenciesID=2a244de95f3194f3a9eb38c063210550 
Number of updated asset objects reloaded before import = 0
Number of asset objects unloaded after import = 3
Curl error 7: Failed to connect to config.uca.cloud.unity3d.com port 443 via 127.0.0.1 after 2011 ms: Could not connect to server
========================================================================
Received Import Request.
  Time of request: 2026-09-30T16:37:45.5173605Z
  Time since last request: 2.5067426 seconds.
  importAddress: GUID: 271c5b2bc5e704099a0d360ecaf9e121 - Path: Assets/IndieMarc/PlatformerDemo/Prefabs/Grass.prefab - Importer: PreviewImporter
Importing 'GUID: 271c5b2bc5e704099a0d360ecaf9e121 - Path: Assets/IndieMarc/PlatformerDemo/Prefabs/Grass.prefab - Importer: PreviewImporter' with importer (PreviewImporter)
Imported 'GUID: 271c5b2bc5e704099a0d360ecaf9e121' -> (Import Result ID: '4c915ce44e28a30ccd2ea598c6994d71') in 0.092 seconds [static and dynamic dependencies]. Details - ImportResultOutputID=12fadf3e36661379c85cae298d03a93d DependenciesID=6da4ceeaca14b0ca257995ba4a4c1944 StaticDependenciesID=0f1b6d88614ad3c07369768fc115fd9c 
Number of updated asset objects reloaded before import = 0
Number of asset objects unloaded after import = 8
Curl error 7: Failed to connect to config.uca.cloud.unity3d.com port 443 via 127.0.0.1 after 4072 ms: Could not connect to server
========================================================================
Received Import Request.
  Time of request: 2026-09-30T16:39:46.7685218Z
  Time since last request: 121.15002560000001 seconds.
  importAddress: GUID: e421c7733f5de1c4e866c2d8fae8c4d9 - Path: Assets/IndieMarc/PlatformerDemo/Tilemap/Black/tile-corner-left-down.png - Importer: PreviewImporter
Importing 'GUID: e421c7733f5de1c4e866c2d8fae8c4d9 - Path: Assets/IndieMarc/PlatformerDemo/Tilemap/Black/tile-corner-left-down.png - Importer: PreviewImporter' with importer (PreviewImporter)
Imported 'GUID: e421c7733f5de1c4e866c2d8fae8c4d9' -> (Import Result ID: 'cb29b8c93289356147ff43dc53013749') in 0.013 seconds [static and dynamic dependencies]. Details - ImportResultOutputID=cf49c6feea8ce50007d86db5779a276c DependenciesID=b54eb48e36666813f90ba85ceedddadf StaticDependenciesID=d45e387dd39207e136c77202f9ff1a2e 
Number of updated asset objects reloaded before import = 0
Number of asset objects unloaded after import = 3
========================================================================
Received Import Request.
  Time of request: 2026-09-30T16:39:46.7879334Z
  Time since last request: 0.0002069 seconds.
  importAddress: GUID: 15f1a2dd6e73cb44b87ce9fa4e0f8ebe - Path: Assets/IndieMarc/PlatformerDemo/Tilemap/Black/tilemap_8.asset - Importer: PreviewImporter
Importing 'GUID: 15f1a2dd6e73cb44b87ce9fa4e0f8ebe - Path: Assets/IndieMarc/PlatformerDemo/Tilemap/Black/tilemap_8.asset - Importer: PreviewImporter' with importer (PreviewImporter)
Imported 'GUID: 15f1a2dd6e73cb44b87ce9fa4e0f8ebe' -> (Import Result ID: '49c98ea0c6bf83fd7cdca7e081d7e0ce') in 0.020 seconds [static and dynamic dependencies]. Details - ImportResultOutputID=8901c02b6db3b781a321398577b6a135 DependenciesID=c549891e33deaa3048536cc540a6ad80 StaticDependenciesID=771f59482902f910a0bd32b6155fe9d5 
Number of updated asset objects reloaded before import = 0
Number of asset objects unloaded after import = 3
========================================================================
Received Import Request.
  Time of request: 2026-09-30T16:39:46.8155217Z
  Time since last request: 0.0002259 seconds.
  importAddress: GUID: b009aaf79b40ccf4ca9f2e51182e5591 - Path: Assets/IndieMarc/PlatformerDemo/Tilemap/Black/tile-slide-right-down.png - Importer: PreviewImporter
Importing 'GUID: b009aaf79b40ccf4ca9f2e51182e5591 - Path: Assets/IndieMarc/PlatformerDemo/Tilemap/Black/tile-slide-right-down.png - Importer: PreviewImporter' with importer (PreviewImporter)
Imported 'GUID: b009aaf79b40ccf4ca9f2e51182e5591' -> (Import Result ID: 'd25c43e994ca4fc0d88222c1eb305b50') in 0.011 seconds [static and dynamic dependencies]. Details - ImportResultOutputID=532477915b9d347209f81ad627d10142 DependenciesID=4f32c51f1307d7cba81ed764921a9264 StaticDependenciesID=55167527bdf725e71af583ab5ba72ca0 
Number of updated asset objects reloaded before import = 0
Number of asset objects unloaded after import = 3
========================================================================
Received Import Request.
  Time of request: 2026-09-30T16:39:46.8352599Z
  Time since last request: 0.0006593 seconds.
  importAddress: GUID: b8f5a40b7e8287643909acb1479b1e0e - Path: Assets/IndieMarc/PlatformerDemo/Tilemap/Black/tilemap_10.asset - Importer: PreviewImporter
Importing 'GUID: b8f5a40b7e8287643909acb1479b1e0e - Path: Assets/IndieMarc/PlatformerDemo/Tilemap/Black/tilemap_10.asset - Importer: PreviewImporter' with importer (PreviewImporter)
Imported 'GUID: b8f5a40b7e8287643909acb1479b1e0e' -> (Import Result ID: '6267e19a118c697838a38d7e530a78e0') in 0.004 seconds [static and dynamic dependencies]. Details - ImportResultOutputID=bb1b8acd083d274a72f3cc4892a3e421 DependenciesID=6d0efb0717dbb5510a0c803e70d3e7ce StaticDependenciesID=5a05566dd56332e78173d00c7e330d43 
Number of updated asset objects reloaded before import = 0
Number of asset objects unloaded after import = 3
========================================================================
Received Import Request.
  Time of request: 2026-09-30T16:39:46.8476297Z
  Time since last request: 0.0003204 seconds.
  importAddress: GUID: f76f60250da364240b7a27c02694449e - Path: Assets/IndieMarc/PlatformerDemo/Tilemap/Black/tilemap_14.asset - Importer: PreviewImporter
Importing 'GUID: f76f60250da364240b7a27c02694449e - Path: Assets/IndieMarc/PlatformerDemo/Tilemap/Black/tilemap_14.asset - Importer: PreviewImporter' with importer (PreviewImporter)
Imported 'GUID: f76f60250da364240b7a27c02694449e' -> (Import Result ID: '2b93780358f410cb34046ae45722fb32') in 0.007 seconds [static and dynamic dependencies]. Details - ImportResultOutputID=442f776291463fb95b5a8c5d3d887a30 DependenciesID=5d28285397aefd064d10d8416c0a8a9c StaticDependenciesID=104d6e65da6e7120f8ae371125164daa 
Number of updated asset objects reloaded before import = 0
Number of asset objects unloaded after import = 3
========================================================================
Received Import Request.
  Time of request: 2026-09-30T16:39:46.8624834Z
  Time since last request: 0.0002976 seconds.
  importAddress: GUID: 8bfabaf3971ff8b4fabfc18ee10951c2 - Path: Assets/IndieMarc/PlatformerDemo/Tilemap/Black/tile-flat-bottom.png - Importer: PreviewImporter
Importing 'GUID: 8bfabaf3971ff8b4fabfc18ee10951c2 - Path: Assets/IndieMarc/PlatformerDemo/Tilemap/Black/tile-flat-bottom.png - Importer: PreviewImporter' with importer (PreviewImporter)
Imported 'GUID: 8bfabaf3971ff8b4fabfc18ee10951c2' -> (Import Result ID: '16d7b0ef3ed47de6b25ee49f58acbb3e') in 0.009 seconds [static and dynamic dependencies]. Details - ImportResultOutputID=96638b8116bdd47e389cdcaf914f88df DependenciesID=20d25d9ca7fc486b218833e216121f64 StaticDependenciesID=88c5429d38618966bb8eab66b50368b6 
Number of updated asset objects reloaded before import = 0
Number of asset objects unloaded after import = 3
========================================================================
Received Import Request.
  Time of request: 2026-09-30T16:39:46.8790393Z
  Time since last request: 0.0008356 seconds.
  importAddress: GUID: 89e671f441dd749438f0505087026e07 - Path: Assets/IndieMarc/PlatformerDemo/Tilemap/Black/tile-slide-corner-right-down.png - Importer: PreviewImporter
Importing 'GUID: 89e671f441dd749438f0505087026e07 - Path: Assets/IndieMarc/PlatformerDemo/Tilemap/Black/tile-slide-corner-right-down.png - Importer: PreviewImporter' with importer (PreviewImporter)
Imported 'GUID: 89e671f441dd749438f0505087026e07' -> (Import Result ID: '895173d45fa1f635c5a9a2a9ee5ec338') in 0.008 seconds [static and dynamic dependencies]. Details - ImportResultOutputID=79dfcda3c4589e7ee3f449c2db0982d5 DependenciesID=87a7e0d4dd87226af3f9a3721dadeeed StaticDependenciesID=56d9d7573eca2000729bb299e0bfb463 
Number of updated asset objects reloaded before import = 0
Number of asset objects unloaded after import = 3
========================================================================
Received Import Request.
  Time of request: 2026-09-30T16:39:46.8955801Z
  Time since last request: 0.0003868 seconds.
  importAddress: GUID: bc5ab3a00dbef2648a95c20d90cae609 - Path: Assets/IndieMarc/PlatformerDemo/Tilemap/Black/tile-slide-right.png - Importer: PreviewImporter
Importing 'GUID: bc5ab3a00dbef2648a95c20d90cae609 - Path: Assets/IndieMarc/PlatformerDemo/Tilemap/Black/tile-slide-right.png - Importer: PreviewImporter' with importer (PreviewImporter)
Imported 'GUID: bc5ab3a00dbef2648a95c20d90cae609' -> (Import Result ID: '9e4a0de7943b187842fcc8d3385e35b9') in 0.006 seconds [static and dynamic dependencies]. Details - ImportResultOutputID=d83c05718711d87b84588197b01731b1 DependenciesID=944c1cb85255d3d1d594c9fd0020703b StaticDependenciesID=0bc1db0c9ad6e8f720b02b7a897df5a0 
Number of updated asset objects reloaded before import = 0
Number of asset objects unloaded after import = 3
========================================================================
Received Import Request.
  Time of request: 2026-09-30T16:39:46.9094598Z
  Time since last request: 0.0003685 seconds.
  importAddress: GUID: b23e11badbd1c834da49f69458eb169c - Path: Assets/IndieMarc/PlatformerDemo/Tilemap/Black/tilemap_7.asset - Importer: PreviewImporter
Importing 'GUID: b23e11badbd1c834da49f69458eb169c - Path: Assets/IndieMarc/PlatformerDemo/Tilemap/Black/tilemap_7.asset - Importer: PreviewImporter' with importer (PreviewImporter)
Imported 'GUID: b23e11badbd1c834da49f69458eb169c' -> (Import Result ID: 'b7696f7391e74b6038f90c52faba0eb7') in 0.004 seconds [static and dynamic dependencies]. Details - ImportResultOutputID=a3f04f36dcf3db8aabce8e4a81b39def DependenciesID=cdc36e6d687f8d468c2680163e7e370b StaticDependenciesID=d49b5d5696de523ac66925da4f4ad1db 
Number of updated asset objects reloaded before import = 0
Number of asset objects unloaded after import = 3
========================================================================
Received Import Request.
  Time of request: 2026-09-30T16:39:46.9201121Z
  Time since last request: 0.0003505 seconds.
  importAddress: GUID: 09fdae6fda6d6c942b840d4b7389de95 - Path: Assets/IndieMarc/PlatformerDemo/Tilemap/Black/tilemap_0.asset - Importer: PreviewImporter
Importing 'GUID: 09fdae6fda6d6c942b840d4b7389de95 - Path: Assets/IndieMarc/PlatformerDemo/Tilemap/Black/tilemap_0.asset - Importer: PreviewImporter' with importer (PreviewImporter)
Imported 'GUID: 09fdae6fda6d6c942b840d4b7389de95' -> (Import Result ID: '114c37d7758d55ebbde81f78a4a48327') in 0.004 seconds [static and dynamic dependencies]. Details - ImportResultOutputID=381f079d9149d1a9c9af2b122123ea06 DependenciesID=4897ab344b6a163e03f7edebc0ad1ad7 StaticDependenciesID=2cc811f4ec5edd2452493a1b8c977df4 
Number of updated asset objects reloaded before import = 0
Number of asset objects unloaded after import = 3
========================================================================
Received Import Request.
  Time of request: 2026-09-30T16:39:46.9314524Z
  Time since last request: 0.0004647 seconds.
  importAddress: GUID: b744ddc17d3fd2040bca13133448b418 - Path: Assets/IndieMarc/PlatformerDemo/Tilemap/Black/tile-flat-top.png - Importer: PreviewImporter
Importing 'GUID: b744ddc17d3fd2040bca13133448b418 - Path: Assets/IndieMarc/PlatformerDemo/Tilemap/Black/tile-flat-top.png - Importer: PreviewImporter' with importer (PreviewImporter)
Imported 'GUID: b744ddc17d3fd2040bca13133448b418' -> (Import Result ID: 'c9076c92aafd59f38a5016dde3aaa854') in 0.006 seconds [static and dynamic dependencies]. Details - ImportResultOutputID=340f3b4a95a7d07bda6d3d415516d985 DependenciesID=c2474520eb43043dc45e48758e4566d6 StaticDependenciesID=011ccd5414f697ace89db5872aae1c1f 
Number of updated asset objects reloaded before import = 0
Number of asset objects unloaded after import = 3
========================================================================
Received Import Request.
  Time of request: 2026-09-30T16:39:46.9443243Z
  Time since last request: 0.0003483 seconds.
  importAddress: GUID: 732424989e347fa4cadc5c837451a7c7 - Path: Assets/IndieMarc/PlatformerDemo/Tilemap/Black/tilemap_4.asset - Importer: PreviewImporter
Importing 'GUID: 732424989e347fa4cadc5c837451a7c7 - Path: Assets/IndieMarc/PlatformerDemo/Tilemap/Black/tilemap_4.asset - Importer: PreviewImporter' with importer (PreviewImporter)
Imported 'GUID: 732424989e347fa4cadc5c837451a7c7' -> (Import Result ID: 'eac1e1fe0fed458f688d748022dee7a9') in 0.004 seconds [static and dynamic dependencies]. Details - ImportResultOutputID=40331da99809801a4e64aede2d659437 DependenciesID=093175d2a9fd534f283bdd2ee907e3a1 StaticDependenciesID=0fabaf173f4b11bd2ac74d0818da0b67 
Number of updated asset objects reloaded before import = 0
Number of asset objects unloaded after import = 3
========================================================================
Received Import Request.
  Time of request: 2026-09-30T16:39:46.9554889Z
  Time since last request: 0.00027 seconds.
  importAddress: GUID: 46e29cead0a2e3840b2c634932cf71d6 - Path: Assets/IndieMarc/PlatformerDemo/Tilemap/Black/tile-corner-right-down.png - Importer: PreviewImporter
Importing 'GUID: 46e29cead0a2e3840b2c634932cf71d6 - Path: Assets/IndieMarc/PlatformerDemo/Tilemap/Black/tile-corner-right-down.png - Importer: PreviewImporter' with importer (PreviewImporter)
Imported 'GUID: 46e29cead0a2e3840b2c634932cf71d6' -> (Import Result ID: '99750ba3f5699790a2c2720a328de6dc') in 0.008 seconds [static and dynamic dependencies]. Details - ImportResultOutputID=22b5a2ea7bfde61d4afd4ea28db67dc6 DependenciesID=bb1522f2c538112dfc52b30befbcf495 StaticDependenciesID=eaea479985f3fcab7681dfef8bc7381f 
Number of updated asset objects reloaded before import = 0
Number of asset objects unloaded after import = 3
========================================================================
Received Import Request.
  Time of request: 2026-09-30T16:39:46.96958Z
  Time since last request: 0.0003969 seconds.
  importAddress: GUID: 4c3a4c38924408144ae04a47190c5db8 - Path: Assets/IndieMarc/PlatformerDemo/Tilemap/Black/tilemap_6.asset - Importer: PreviewImporter
Importing 'GUID: 4c3a4c38924408144ae04a47190c5db8 - Path: Assets/IndieMarc/PlatformerDemo/Tilemap/Black/tilemap_6.asset - Importer: PreviewImporter' with importer (PreviewImporter)
Imported 'GUID: 4c3a4c38924408144ae04a47190c5db8' -> (Import Result ID: '570ceb771ef630bb3fbb13ac71d2eda5') in 0.004 seconds [static and dynamic dependencies]. Details - ImportResultOutputID=13f4efc8252d63c3bd93076346da7030 DependenciesID=2ac81d0071fc295347d4c5f896900052 StaticDependenciesID=123f5d625b1b2d7842dd8c9d989321c8 
Number of updated asset objects reloaded before import = 0
Number of asset objects unloaded after import = 3
========================================================================
Received Import Request.
  Time of request: 2026-09-30T16:39:46.9801663Z
  Time since last request: 0.0002796 seconds.
  importAddress: GUID: ff6dfd1a5554f4d42ab546e35f13fb8f - Path: Assets/IndieMarc/PlatformerDemo/Tilemap/Black/tile-corner-right.png - Importer: PreviewImporter
Importing 'GUID: ff6dfd1a5554f4d42ab546e35f13fb8f - Path: Assets/IndieMarc/PlatformerDemo/Tilemap/Black/tile-corner-right.png - Importer: PreviewImporter' with importer (PreviewImporter)
Imported 'GUID: ff6dfd1a5554f4d42ab546e35f13fb8f' -> (Import Result ID: 'e1f75532aa27c5bbf0de45f626f4584d') in 0.005 seconds [static and dynamic dependencies]. Details - ImportResultOutputID=8477d9e904c793f0fef316bc5a7db076 DependenciesID=a6ccb467792cebd96d035fb459cd1508 StaticDependenciesID=28307c3fb04614d1d042af4834083e05 
Number of updated asset objects reloaded before import = 0
Number of asset objects unloaded after import = 3
========================================================================
Received Import Request.
  Time of request: 2026-09-30T16:39:46.9921622Z
  Time since last request: 0.0003501 seconds.
  importAddress: GUID: 19445a47a9544c04eb951035061ae93e - Path: Assets/IndieMarc/PlatformerDemo/Tilemap/Black/tile-slide-corner-left-down.asset - Importer: PreviewImporter
Importing 'GUID: 19445a47a9544c04eb951035061ae93e - Path: Assets/IndieMarc/PlatformerDemo/Tilemap/Black/tile-slide-corner-left-down.asset - Importer: PreviewImporter' with importer (PreviewImporter)
Imported 'GUID: 19445a47a9544c04eb951035061ae93e' -> (Import Result ID: 'e0d902dfbcde0ca1b785fe32c8c5405a') in 0.005 seconds [static and dynamic dependencies]. Details - ImportResultOutputID=18ca76e47b612d5a89b0548837312adc DependenciesID=7ac6a8989c9acc2de971d65ddb51d051 StaticDependenciesID=47f393eb2f18334b83cff4728e77e6ea 
Number of updated asset objects reloaded before import = 0
Number of asset objects unloaded after import = 3
========================================================================
Received Import Request.
  Time of request: 2026-09-30T16:39:47.0030969Z
  Time since last request: 0.0003787 seconds.
  importAddress: GUID: 868bfc083d111bc4fb3199b0409700e4 - Path: Assets/IndieMarc/PlatformerDemo/Tilemap/Black/tilemap_5.asset - Importer: PreviewImporter
Importing 'GUID: 868bfc083d111bc4fb3199b0409700e4 - Path: Assets/IndieMarc/PlatformerDemo/Tilemap/Black/tilemap_5.asset - Importer: PreviewImporter' with importer (PreviewImporter)
Imported 'GUID: 868bfc083d111bc4fb3199b0409700e4' -> (Import Result ID: 'e6968d63fad5fd121d4b2c2a7a55ca9e') in 0.003 seconds [static and dynamic dependencies]. Details - ImportResultOutputID=9c73d1446d581a17128b9ce278711a7c DependenciesID=df41c6b2f07edb8cd3fbcf271f2f2f78 StaticDependenciesID=e3475065da3cd895fd57688212352d4f 
Number of updated asset objects reloaded before import = 0
Number of asset objects unloaded after import = 3
========================================================================
Received Prepare
AcceleratorClientConnectionCallback - disconnected - :0
[Licensing::Client] Successfully resolved entitlement details
[Licensing::Module] License group:
  Id: F4-JT8S-VX4V-2PXU-5UM5-XXXX
  Product: Unity Personal
  Type: ULF
  Expiration: Unlimited
[Licensing::Module] License group:
  Id: 5774130951012-UnityPersXXXX
  Product: Unity Personal
  Type: Assigned
  Expiration: Unlimited
Begin MonoManager ReloadAssembly
'Packages/com.unity.render-pipelines.core/Editor/Deprecated.cs' contains partial class of Unity.Object, exactly 1 of the partial classes needs to be in a file with the same filename. This is to know the one that can be referenced from ie. GameObjects
'Packages/com.unity.render-pipelines.core/Editor/Deprecated.cs' contains partial class of Unity.Object, exactly 1 of the partial classes needs to be in a file with the same filename. This is to know the one that can be referenced from ie. GameObjects
Native extension for WindowsStandalone target not found
Native extension for WebGL target not found
[Package Manager] Failed to launch server process. Reason: Unity was launched with the -noUpm command-line argument
[Package Manager] Unable to send message (not connected to server process).
[Package Manager] Cannot connect to Unity Package Manager local server
[Package Manager] Failed to launch server process. Reason: Unity was launched with the -noUpm command-line argument
[Package Manager] Unable to send message (not connected to server process).
[Package Manager] Cannot connect to Unity Package Manager local server
ScheduleIndexationOnStartup MainProcess:False IndexOnStartup:True
Scripting: successfully reloaded assembly
- Finished resetting the current domain, in  0.540 seconds
Domain Reload Profiling: 1117ms
	BeginReloadAssembly (184ms)
		DisableScriptedObjects (6ms)
		CreateAndSetChildDomain (38ms)
	RebuildCommonClasses (7ms)
	RebuildNativeTypeToScriptingClass (13ms)
	initialDomainReloadingComplete (52ms)
	LoadAllAssembliesAndSetupDomain (320ms)
		LoadAssemblies (278ms)
		TypeCache.Refresh (8ms)
		AnalyzeDomain (6ms)
			ResolveRequiredComponents (4ms)
	FinalizeReload (541ms)
		SetupLoadedEditorAssemblies (0ms)
			BeforeProcessingInitializeOnLoad (85ms)
			ProcessInitializeOnLoadAttributes (204ms)
			ProcessInitializeOnLoadMethodAttributes (86ms)
			AfterProcessingInitializeOnLoad (3ms)
		AwakeInstancesAfterBackupRestoration (6ms)
WARNING: Shader Unsupported: 'Hidden/Universal Render Pipeline/Terrain/Lit (Base Pass)' - All subshaders removed
WARNING: Shader Did you use #pragma only_renderers and omit this platform?
WARNING: Shader If subshaders removal was intentional, you may have forgotten turning Fallback off?
WARNING: Shader Unsupported: 'Universal Render Pipeline/Terrain/Lit' - All subshaders removed
WARNING: Shader Did you use #pragma only_renderers and omit this platform?
WARNING: Shader If subshaders removal was intentional, you may have forgotten turning Fallback off?
Unloading 97 Unused Serialized files (Serialized files now loaded: 0)
Unloading 6673 unused Assets / (11.9 MB). Loaded Objects now: 7343.
Memory consumption went from 332.1 MB to 320.2 MB.
Total: 7.871700 ms (FindLiveObjects: 0.502400 ms CreateObjectMapping: 0.268900 ms MarkObjects: 4.028000 ms  DeleteObjects: 2.812500 ms)

Prepare: number of updated asset objects reloaded= 0
Editor requested this worker to shutdown with reason: Scaling down because of idle timeout
AcceleratorClientConnectionCallback - disconnected - :0
AssetImportWorker is now disconnected from the server
Process exiting
[ExitDontLaunchBugReporter] Exiting without the bug reporter. Application will exit with return code 0
