
Server arguments:
  --memory-size 1073741824
  --shared-postfix 07abfd7b6a95a0fbec3ac7544eb85e3c
  --working-directory Library/DataStore
  --silent-console
  --shutdown-grace 0
  --client-process-check 0
  --uds-log-file /home/mage/opd_lab_2/Logs/UDS-Service.log
  --debug-log 2

Initialising UDS system complete:
  - System type: Service
  - Resource namespace: 07abfd7b6a95a0fbec3ac7544eb85e3c
  - Shared memory size: 1073741824
  - Command buffer id: 1052624
  - Command buffer size: 8192
  - Hashmap size: 4194304
Starting Unity Data Store Application
[Error] Failed to remove data for hash ece6af936929b9a4a8308b5888d6eef0. Failure received from service
 #2 print_call_stack(int)
 #3 process_remove_multiple_command(uds_system_t*, uds_command_t*)
 #4 uds_process_command(uds_system_t*, uds_command_t*)
 #5 uds::ServiceCommandListener::ProcessNextCommand()
 #6 uds::ServiceCommandListener::ExecuteCommandListenerLoop()
 #7 uds::Service::ExecuteServiceLoop()
 #8 main
 #9 ???
 #10 __libc_start_main
 #11 _start

[Error] Failed to remove data for hash b32f5f075aff3f9d4ab074e503e21fef. Failure received from service
 #2 print_call_stack(int)
 #3 process_remove_multiple_command(uds_system_t*, uds_command_t*)
 #4 uds_process_command(uds_system_t*, uds_command_t*)
 #5 uds::ServiceCommandListener::ProcessNextCommand()
 #6 uds::ServiceCommandListener::ExecuteCommandListenerLoop()
 #7 uds::Service::ExecuteServiceLoop()
 #8 main
 #9 ???
 #10 __libc_start_main
 #11 _start

Unity Data Store Application Complete
[Warning] Shutting down service while there are still connected clients, client count = 2
Shut down UDS service system complete
