[2026-10-01T09:56:27.536Z][INFO] Command-line: 'C:\\Program Files\\Unity\\Hub\\Editor\\6000.6.3f1\\Editor\\Data\\Resources\\PackageManager\\Server\\UnityPackageManager.exe' server -s 27464 --ipc-path Unity-Upm-27464 -l 2 --log-file C:\\Users\\MSI\\OPD_laba_2/Logs/upm.log
[2026-10-01T09:56:27.559Z][INFO] IPC server started (IPC path=Unity-Upm-27464).
[2026-10-01T09:56:27.559Z][INFO] Hint: To connect to this UPM instance, launch Unity with the command-line parameter -upmIpcPath Upm-27464.
[2026-10-01T09:56:30.004Z][INFO] project:list-packages <-- Request received
params: {}
[2026-10-01T09:56:30.102Z][INFO] config:project:get-registries <-- Request received
params: {}
[2026-10-01T09:56:30.114Z][INFO] config:project:get-registries --> 200 (12 ms)
[2026-10-01T09:56:30.138Z][INFO] project:list-packages --> 200 (134 ms)
[2026-10-01T09:56:30.196Z][INFO] project:list-packages <-- Request received
params: {}
[2026-10-01T09:56:30.270Z][INFO] project:list-packages --> 200 (74 ms)
[2026-10-01T09:56:32.492Z][INFO] project:list-packages <-- Request received
params: {}
[2026-10-01T09:56:32.512Z][INFO] project:list-packages <-- Request received
params: {}
[2026-10-01T09:56:32.581Z][INFO] project:list-packages --> 200 (89 ms)
[2026-10-01T09:56:32.608Z][INFO] project:list-packages --> 200 (96 ms)
[2026-10-01T09:56:32.655Z][INFO] project:list-packages <-- Request received
params: {}
[2026-10-01T09:56:32.732Z][INFO] project:list-packages --> 200 (77 ms)
[2026-10-01T09:56:32.778Z][INFO] config:project:get-registries <-- Request received
params: {}
[2026-10-01T09:56:32.781Z][INFO] config:project:get-registries --> 200 (3 ms)
[2026-10-01T09:56:34.923Z][INFO] project:list-packages <-- Request received
params: {}
[2026-10-01T09:56:35.011Z][INFO] project:list-packages --> 200 (88 ms)
[2026-10-01T09:56:38.033Z][INFO] project:list-packages <-- Request received
params: {}
[2026-10-01T09:56:38.920Z][INFO] project:list-packages --> 200 (887 ms)
[2026-10-01T10:15:53.616Z][INFO] project:list-packages <-- Request received
params: {}
[2026-10-01T10:15:53.674Z][INFO] packages:get-all-packageinfo <-- Request received
params: {}
[2026-10-01T10:15:53.688Z][INFO] packages:get-all-packageinfo <-- Request received
params: {}
[2026-10-01T10:15:53.708Z][INFO] project:list-packages <-- Request received
params: {}
[2026-10-01T10:15:54.052Z][INFO] packages:get-all-packageinfo --> 200 (364 ms)
[2026-10-01T10:15:54.339Z][INFO] packages:get-packageinfo <-- Request received
params: {
  "packageId": "com.unity.addressables@2.11.2"
}
[2026-10-01T10:15:54.354Z][INFO] packages:get-packageinfo <-- Request received
params: {
  "packageId": "com.unity.ads.ios-support@1.0.1"
}
[2026-10-01T10:15:54.367Z][INFO] packages:get-packageinfo <-- Request received
params: {
  "packageId": "com.unity.mobile.notifications@2.4.3"
}
[2026-10-01T10:15:54.382Z][INFO] packages:get-packageinfo <-- Request received
params: {
  "packageId": "com.unity.project-auditor-rules@1.0.3"
}
[2026-10-01T10:15:54.396Z][INFO] packages:get-packageinfo <-- Request received
params: {
  "packageId": "com.unity.scriptablebuildpipeline@3.0.3"
}
[2026-10-01T10:15:54.411Z][INFO] packages:get-packageinfo <-- Request received
params: {
  "packageId": "com.unity.services.friends@1.1.1"
}
[2026-10-01T10:15:54.425Z][INFO] packages:get-packageinfo <-- Request received
params: {
  "packageId": "com.unity.services.moderation@1.0.2"
}
[2026-10-01T10:15:54.555Z][INFO] packages:get-packageinfo --> 200 (201 ms)
[2026-10-01T10:15:54.558Z][INFO] packages:get-packageinfo --> 200 (220 ms)
[2026-10-01T10:15:54.580Z][INFO] packages:get-packageinfo --> 200 (213 ms)
[2026-10-01T10:15:54.584Z][INFO] packages:get-packageinfo --> 200 (202 ms)
[2026-10-01T10:15:54.598Z][INFO] packages:get-packageinfo --> 200 (202 ms)
[2026-10-01T10:15:54.618Z][INFO] packages:get-packageinfo --> 200 (207 ms)
[2026-10-01T10:15:54.624Z][INFO] packages:get-packageinfo --> 200 (199 ms)
[2026-10-01T10:15:54.952Z][INFO] project:list-packages --> 200 (1336 ms)
[2026-10-01T10:15:54.953Z][INFO] project:list-packages --> 200 (1245 ms)
[2026-10-01T10:15:56.710Z][INFO] packages:get-all-packageinfo --> 200 (3036 ms)
[2026-10-01T10:18:53.060Z][INFO] project:list-packages <-- Request received
params: {}
[2026-10-01T10:18:54.148Z][INFO] project:list-packages --> 200 (1088 ms)
[2026-10-01T10:22:23.467Z][INFO] project:list-packages <-- Request received
params: {}
[2026-10-01T10:22:24.565Z][INFO] project:list-packages --> 200 (1098 ms)
[2026-10-01T10:23:50.755Z][INFO] project:add-remove-dependencies <-- Request received
params: {}
[2026-10-01T10:23:52.382Z][INFO] project:add-remove-dependencies --> 200 (1627 ms)
[2026-10-01T10:23:52.472Z][INFO] project:add-remove-dependencies <-- Request received
params: {}
[2026-10-01T10:23:52.547Z][INFO] project:add-remove-dependencies --> 200 (75 ms)
[2026-10-01T10:23:52.618Z][INFO] project:list-packages <-- Request received
params: {}
[2026-10-01T10:23:52.643Z][INFO] project:resolve-packages <-- Request received
params: {}
[2026-10-01T10:23:52.698Z][INFO] project:list-packages --> 200 (80 ms)
[2026-10-01T10:23:52.743Z][INFO] project:resolve-packages --> 200 (100 ms)
[2026-10-01T10:23:52.850Z][INFO] config:project:get-registries <-- Request received
params: {}
[2026-10-01T10:23:52.856Z][INFO] config:project:get-registries --> 200 (6 ms)
[2026-10-01T10:23:52.860Z][INFO] project:list-packages <-- Request received
params: {}
[2026-10-01T10:23:52.944Z][INFO] project:list-packages --> 200 (84 ms)
[2026-10-01T10:23:58.561Z][INFO] project:list-packages <-- Request received
params: {}
[2026-10-01T10:23:58.599Z][INFO] project:list-packages <-- Request received
params: {}
[2026-10-01T10:23:58.627Z][INFO] project:list-packages --> 200 (66 ms)
[2026-10-01T10:23:58.668Z][INFO] project:list-packages --> 200 (69 ms)
[2026-10-01T10:23:58.794Z][INFO] project:list-packages <-- Request received
params: {}
[2026-10-01T10:23:58.867Z][INFO] project:list-packages --> 200 (73 ms)
[2026-10-01T10:23:58.896Z][INFO] config:project:get-registries <-- Request received
params: {}
[2026-10-01T10:23:58.899Z][INFO] config:project:get-registries --> 200 (3 ms)
[2026-10-01T10:24:00.173Z][INFO] project:list-packages <-- Request received
params: {}
[2026-10-01T10:24:00.238Z][INFO] project:list-packages --> 200 (65 ms)
[2026-10-01T10:35:30.312Z][INFO] project:list-packages <-- Request received
params: {}
[2026-10-01T10:35:30.371Z][INFO] project:list-packages --> 200 (59 ms)
[2026-10-01T10:35:30.495Z][INFO] project:list-packages <-- Request received
params: {}
[2026-10-01T10:35:30.578Z][INFO] project:list-packages --> 200 (83 ms)
[2026-10-01T10:35:30.598Z][INFO] config:project:get-registries <-- Request received
params: {}
[2026-10-01T10:35:30.601Z][INFO] config:project:get-registries --> 200 (4 ms)
[2026-10-01T10:39:30.652Z][INFO] project:list-packages <-- Request received
params: {}
[2026-10-01T10:39:30.709Z][INFO] project:list-packages --> 200 (57 ms)
[2026-10-01T10:39:30.860Z][INFO] project:list-packages <-- Request received
params: {}
[2026-10-01T10:39:30.938Z][INFO] project:list-packages --> 200 (78 ms)
[2026-10-01T10:39:30.952Z][INFO] config:project:get-registries <-- Request received
params: {}
[2026-10-01T10:39:30.956Z][INFO] config:project:get-registries --> 200 (4 ms)
[2026-10-01T10:42:40.047Z][INFO] project:list-packages <-- Request received
params: {}
[2026-10-01T10:42:40.112Z][INFO] project:list-packages --> 200 (65 ms)
[2026-10-01T10:42:40.265Z][INFO] project:list-packages <-- Request received
params: {}
[2026-10-01T10:42:40.343Z][INFO] project:list-packages --> 200 (78 ms)
[2026-10-01T10:42:40.373Z][INFO] config:project:get-registries <-- Request received
params: {}
[2026-10-01T10:42:40.378Z][INFO] config:project:get-registries --> 200 (5 ms)
[2026-10-01T10:44:45.988Z][INFO] project:list-packages <-- Request received
params: {}
[2026-10-01T10:44:46.046Z][INFO] project:list-packages --> 200 (58 ms)
[2026-10-01T10:44:46.199Z][INFO] project:list-packages <-- Request received
params: {}
[2026-10-01T10:44:46.279Z][INFO] project:list-packages --> 200 (80 ms)
[2026-10-01T10:44:46.301Z][INFO] config:project:get-registries <-- Request received
params: {}
[2026-10-01T10:44:46.304Z][INFO] config:project:get-registries --> 200 (3 ms)
[2026-10-01T10:46:09.343Z][INFO] project:list-packages <-- Request received
params: {}
[2026-10-01T10:46:09.401Z][INFO] project:list-packages --> 200 (58 ms)
[2026-10-01T10:46:09.531Z][INFO] project:list-packages <-- Request received
params: {}
[2026-10-01T10:46:09.610Z][INFO] project:list-packages --> 200 (79 ms)
[2026-10-01T10:46:09.642Z][INFO] config:project:get-registries <-- Request received
params: {}
[2026-10-01T10:46:09.645Z][INFO] config:project:get-registries --> 200 (3 ms)
[2026-10-01T10:48:35.612Z][INFO] project:list-packages <-- Request received
params: {}
[2026-10-01T10:48:35.671Z][INFO] project:list-packages --> 200 (59 ms)
[2026-10-01T10:48:35.802Z][INFO] project:list-packages <-- Request received
params: {}
[2026-10-01T10:48:35.885Z][INFO] project:list-packages --> 200 (83 ms)
[2026-10-01T10:48:35.919Z][INFO] config:project:get-registries <-- Request received
params: {}
[2026-10-01T10:48:35.922Z][INFO] config:project:get-registries --> 200 (3 ms)
[2026-10-01T10:51:01.243Z][INFO] project:list-packages <-- Request received
params: {}
[2026-10-01T10:51:01.301Z][INFO] project:list-packages --> 200 (58 ms)
[2026-10-01T10:51:01.443Z][INFO] project:list-packages <-- Request received
params: {}
[2026-10-01T10:51:01.519Z][INFO] project:list-packages --> 200 (76 ms)
[2026-10-01T10:51:01.540Z][INFO] config:project:get-registries <-- Request received
params: {}
[2026-10-01T10:51:01.543Z][INFO] config:project:get-registries --> 200 (3 ms)
[2026-10-01T10:56:37.712Z][INFO] project:list-packages <-- Request received
params: {}
[2026-10-01T10:56:37.771Z][INFO] project:list-packages --> 200 (59 ms)
[2026-10-01T10:56:37.901Z][INFO] project:list-packages <-- Request received
params: {}
[2026-10-01T10:56:37.980Z][INFO] project:list-packages --> 200 (79 ms)
[2026-10-01T10:56:38.009Z][INFO] config:project:get-registries <-- Request received
params: {}
[2026-10-01T10:56:38.012Z][INFO] config:project:get-registries --> 200 (3 ms)
[2026-10-01T10:58:58.028Z][INFO] project:list-packages <-- Request received
params: {}
[2026-10-01T10:58:58.091Z][INFO] project:list-packages --> 200 (63 ms)
[2026-10-01T10:58:58.244Z][INFO] project:list-packages <-- Request received
params: {}
[2026-10-01T10:58:58.321Z][INFO] project:list-packages --> 200 (77 ms)
[2026-10-01T10:58:58.337Z][INFO] config:project:get-registries <-- Request received
params: {}
[2026-10-01T10:58:58.341Z][INFO] config:project:get-registries --> 200 (4 ms)
